
> airtable@0.1.0 build
> next build

Γû▓ Next.js 16.1.4 (Turbopack)
- Environments: .env

npm : ΓÜá The "middleware" file convention is deprecated. Please use "proxy" instead. Learn more: https://nextjs.org/docs/messages/middleware-to-proxy
At line:1 char:1
+ npm run build > build_output.txt 2>&1
+ ~~~~~~~~~~~~~~~~~~~~~~~~~~~~~~~~~~~~~
    + CategoryInfo          :     NotSpecified: (ΓÜá The "    middle...leware-to-proxy:    String) [], RemoteExcepti    on
    + FullyQualifiedErrorId :     NativeCommandError
 
  Creating an optimized production build ...
